af-event.cpp:100:6:void EventControlHandler(chip::System::Layer*, void*, CHIP_ERROR)	0	static
af-event.cpp:72:6:void emberAfPluginIasZoneClientStateMachineEventHandler()	0	static
af-event.cpp:123:6:void emAfInitEvents()	0	static
af-event.cpp:125:14:const char* emberAfGetEventString(uint8_t)	0	static
af-event.cpp:146:13:EmberStatus emberEventControlSetDelayMS(EmberEventControl*, uint32_t)	8	static
af-event.cpp:162:6:void emberEventControlSetInactive(EmberEventControl*)	0	static
af-event.cpp:74:2091:void emberAfIasZoneClusterServerTickCallbackWrapperFunction1()	8	static
af-event.cpp:74:1497:void emberAfIdentifyClusterServerTickCallbackWrapperFunction1()	8	static
af-event.cpp:74:1685:void emberAfLevelControlClusterServerTickCallbackWrapperFunction1()	8	static
af-event.cpp:74:1885:void emberAfBarrierControlClusterServerTickCallbackWrapperFunction1()	8	static
af-event.cpp:173:6:bool emberEventControlGetActive(EmberEventControl*)	0	static
af-event.cpp:178:6:void emberEventControlSetActive(EmberEventControl*)	0	static
af-event.cpp:186:13:EmberStatus emberAfEventControlSetDelayQS(EmberEventControl*, uint32_t)	0	static
af-event.cpp:198:13:EmberStatus emberAfEventControlSetDelayMinutes(EmberEventControl*, uint16_t)	0	static
af-event.cpp:210:13:EmberStatus emberAfScheduleTickExtended(chip::EndpointId, chip::ClusterId, bool, uint32_t, EmberAfEventPollControl, EmberAfEventSleepControl)	24	static
af-event.cpp:229:13:EmberStatus emberAfScheduleClusterTick(chip::EndpointId, chip::ClusterId, bool, uint32_t, EmberAfEventSleepControl)	24	static
af-event.cpp:237:13:EmberStatus emberAfScheduleClientTickExtended(chip::EndpointId, chip::ClusterId, uint32_t, EmberAfEventPollControl, EmberAfEventSleepControl)	16	static
af-event.cpp:243:13:EmberStatus emberAfScheduleClientTick(chip::EndpointId, chip::ClusterId, uint32_t)	16	static
af-event.cpp:248:13:EmberStatus emberAfScheduleServerTickExtended(chip::EndpointId, chip::ClusterId, uint32_t, EmberAfEventPollControl, EmberAfEventSleepControl)	16	static
af-event.cpp:254:13:EmberStatus emberAfScheduleServerTick(chip::EndpointId, chip::ClusterId, uint32_t)	16	static
af-event.cpp:259:13:EmberStatus emberAfDeactivateClusterTick(chip::EndpointId, chip::ClusterId, bool)	24	static
af-event.cpp:270:13:EmberStatus emberAfDeactivateClientTick(chip::EndpointId, chip::ClusterId)	0	static
af-event.cpp:275:13:EmberStatus emberAfDeactivateServerTick(chip::EndpointId, chip::ClusterId)	0	static
af-event.cpp:286:6:void emAfGetTimerDurationAndUnitFromMS(uint32_t, uint16_t*, EmberEventUnits*)	0	static
af-event.cpp:305:10:uint32_t emAfGetMSFromTimerDurationAndUnit(uint16_t, EmberEventUnits)	0	static
