CHIPCallback.h:263:17:static void chip::Callback::CallbackDeque::Dequeue(chip::Callback::Cancelable*)	0	static
CHIPDeviceCallbacksMgr.h:117:16:CHIP_ERROR chip::app::CHIPDeviceCallbacksMgr::GetCallback(T&, chip::Callback::CallbackDeque&, chip::Callback::Cancelable**) [with T = {anonymous}::ReportCallbackInfo]	48	static
CHIPDeviceCallbacksMgr.h:117:16:CHIP_ERROR chip::app::CHIPDeviceCallbacksMgr::GetCallback(T&, chip::Callback::CallbackDeque&, chip::Callback::Cancelable**) [with T = chip::app::CHIPDeviceCallbacksMgr::ResponseCallbackInfo]	40	static
CHIPCallback.h:72:18:chip::Callback::Cancelable* chip::Callback::Cancelable::Cancel()	8	static
CHIPDeviceCallbacksMgr.h:103:16:CHIP_ERROR chip::app::CHIPDeviceCallbacksMgr::CancelCallback(T&, chip::Callback::CallbackDeque&) [with T = chip::app::CHIPDeviceCallbacksMgr::ResponseCallbackInfo]	16	static
CHIPCallback.h:184:10:void chip::Callback::CallbackDeque::Enqueue(chip::Callback::Cancelable*)	16	static
CHIPDeviceCallbacksMgr.cpp:88:12:CHIP_ERROR chip::app::CHIPDeviceCallbacksMgr::AddResponseFilter(const chip::app::CHIPDeviceCallbacksMgr::ResponseCallbackInfo&, chip::app::TLVDataFilter)	28	static
CHIPDeviceCallbacksMgr.cpp:105:12:CHIP_ERROR chip::app::CHIPDeviceCallbacksMgr::PopResponseFilter(const chip::app::CHIPDeviceCallbacksMgr::ResponseCallbackInfo&, void (**)(chip::TLV::TLVReader*, chip::Callback::Cancelable*, chip::Callback::Cancelable*))	24	static
CHIPDeviceCallbacksMgr.cpp:52:12:CHIP_ERROR chip::app::CHIPDeviceCallbacksMgr::AddResponseCallback(chip::NodeId, uint8_t, chip::Callback::Cancelable*, chip::Callback::Cancelable*, chip::app::TLVDataFilter)	48	static
CHIPDeviceCallbacksMgr.cpp:79:12:CHIP_ERROR chip::app::CHIPDeviceCallbacksMgr::CancelResponseCallback(chip::NodeId, uint8_t)	24	static
CHIPDeviceCallbacksMgr.cpp:124:12:CHIP_ERROR chip::app::CHIPDeviceCallbacksMgr::GetResponseCallback(chip::NodeId, uint8_t, chip::Callback::Cancelable**, chip::Callback::Cancelable**, void (**)(chip::TLV::TLVReader*, chip::Callback::Cancelable*, chip::Callback::Cancelable*))	40	static
CHIPDeviceCallbacksMgr.cpp:148:12:CHIP_ERROR chip::app::CHIPDeviceCallbacksMgr::AddReportCallback(chip::NodeId, chip::EndpointId, chip::ClusterId, chip::AttributeId, chip::Callback::Cancelable*)	56	static
CHIPDeviceCallbacksMgr.cpp:164:12:CHIP_ERROR chip::app::CHIPDeviceCallbacksMgr::GetReportCallback(chip::NodeId, chip::EndpointId, chip::ClusterId, chip::AttributeId, chip::Callback::Cancelable**)	32	static
