ExchangeDelegate.h:99:18:virtual void chip::Messaging::ExchangeDelegate::OnExchangeClosing(chip::Messaging::ExchangeContext*)	0	static
ExchangeDelegate.h:101:39:virtual chip::Messaging::ExchangeMessageDispatch* chip::Messaging::ExchangeDelegate::GetMessageDispatch(chip::Messaging::ReliableMessageMgr*, chip::SecureSessionMgr*)	0	static
chip-message-send.cpp:46:16:virtual CHIP_ERROR chip::DeviceExchangeDelegate::OnMessageReceived(chip::Messaging::ExchangeContext*, const chip::PacketHeader&, const chip::PayloadHeader&, chip::System::PacketBufferHandle&&)	0	static
chip-message-send.cpp:51:10:virtual void chip::DeviceExchangeDelegate::OnResponseTimeout(chip::Messaging::ExchangeContext*)	0	static
chip-message-send.cpp:44:7:chip::DeviceExchangeDelegate::~DeviceExchangeDelegate()	0	static
chip-message-send.cpp:44:7:virtual chip::DeviceExchangeDelegate::~DeviceExchangeDelegate()	8	static
chip-message-send.cpp:57:13:EmberStatus chipSendUnicast(chip::Messaging::ExchangeContext*, EmberApsFrame*, uint16_t, uint8_t*, chip::Messaging::SendFlags)	48	static
chip-message-send.cpp:104:13:EmberStatus chipSendUnicast(chip::NodeId, EmberApsFrame*, uint16_t, uint8_t*)	56	static
