message.cpp:71:6:void emberAfClearResponseData()	8	static
message.cpp:82:11:uint8_t* emberAfPutInt8uInResp(uint8_t)	0	static
message.cpp:96:12:uint16_t* emberAfPutInt16uInResp(uint16_t)	16	static
message.cpp:111:12:uint32_t* emberAfPutInt32uInResp(uint32_t)	24	static
message.cpp:128:12:uint32_t* emberAfPutInt24uInResp(uint32_t)	16	static
message.cpp:144:11:uint8_t* emberAfPutBlockInResp(const uint8_t*, uint16_t)	24	static
message.cpp:158:11:uint8_t* emberAfPutStringInResp(const uint8_t*)	0	static
message.cpp:164:11:uint8_t* emberAfPutDateInResp(EmberAfDate*)	24	static
message.cpp:181:6:void emberAfPutInt16sInResp(int16_t)	0	static
message.cpp:186:6:void emberAfPutStatusInResp(EmberAfStatus)	0	static
message.cpp:198:10:uint64_t emberAfGetInt(const uint8_t*, uint16_t, uint16_t, uint8_t)	16	static
message.cpp:216:10:uint64_t emberAfGetInt64u(const uint8_t*, uint16_t, uint16_t)	0	static
message.cpp:221:10:uint32_t emberAfGetInt32u(const uint8_t*, uint16_t, uint16_t)	8	static
message.cpp:226:10:uint32_t emberAfGetInt24u(const uint8_t*, uint16_t, uint16_t)	8	static
message.cpp:231:10:uint16_t emberAfGetInt16u(const uint8_t*, uint16_t, uint16_t)	8	static
message.cpp:236:11:uint8_t* emberAfGetString(uint8_t*, uint16_t, uint16_t)	8	static
message.cpp:276:9:uint8_t emberAfStringLength(const uint8_t*)	0	static
message.cpp:283:10:uint16_t emberAfLongStringLength(const uint8_t*)	8	static
message.cpp:256:11:uint8_t* emberAfGetLongString(uint8_t*, uint16_t, uint16_t)	16	static
message.cpp:291:9:uint8_t emberAfGetDate(uint8_t*, uint16_t, uint16_t, EmberAfDate*)	8	static
