SystemPacketBuffer.h:477:26:chip::System::PacketBufferHandle& chip::System::PacketBufferHandle::operator=(std::nullptr_t)	8	static
TLVPacketBufferBackingStore.h:45:13:chip::System::TLVPacketBufferBackingStore::~TLVPacketBufferBackingStore()	8	static
TLVPacketBufferBackingStore.h:45:13:virtual chip::System::TLVPacketBufferBackingStore::~TLVPacketBufferBackingStore()	8	static
Engine.cpp:33:12:CHIP_ERROR chip::app::reporting::Engine::Init()	0	static
Engine.cpp:41:13:chip::EventNumber chip::app::reporting::Engine::CountEvents(chip::app::ReadHandler*, chip::EventNumber*)	28	static
Engine.cpp:56:1:CHIP_ERROR chip::app::reporting::Engine::RetrieveClusterData(chip::app::AttributeDataElement::Builder&, chip::app::ClusterInfo&)	40	static
Engine.cpp:86:12:CHIP_ERROR chip::app::reporting::Engine::BuildSingleReportDataAttributeDataList(chip::app::ReportData::Builder&, chip::app::ReadHandler*)	136	static
EventList.h:61:7:chip::app::EventList::Builder::Builder()	8	static
Engine.cpp:124:12:CHIP_ERROR chip::app::reporting::Engine::BuildSingleReportDataEventList(chip::app::ReportData::Builder&, chip::app::ReadHandler*)	160	static
Engine.cpp:308:12:CHIP_ERROR chip::app::reporting::Engine::ScheduleRun()	8	static
Engine.cpp:341:12:CHIP_ERROR chip::app::reporting::Engine::SendReport(chip::app::ReadHandler*, chip::System::PacketBufferHandle&&)	8	static
Engine.cpp:357:6:void chip::app::reporting::Engine::OnReportConfirm()	8	static
Engine.cpp:228:12:CHIP_ERROR chip::app::reporting::Engine::BuildAndSendSingleReportData(chip::app::ReadHandler*)	168	static
Engine.cpp:320:6:void chip::app::reporting::Engine::Run()	16	static
Engine.cpp:302:6:static void chip::app::reporting::Engine::Run(chip::System::Layer*, void*, CHIP_ERROR)	0	static
