DeviceNetworkProvisioningDelegateImpl.h:32:7:chip::DeviceLayer::DeviceNetworkProvisioningDelegateImpl::~DeviceNetworkProvisioningDelegateImpl()	0	static
GenericDeviceNetworkProvisioningDelegateImpl.h:48:19:CHIP_ERROR chip::DeviceLayer::Internal::GenericDeviceNetworkProvisioningDelegateImpl<ImplClass>::ProvisionThread(chip::ByteSpan) [with ImplClass = chip::DeviceLayer::DeviceNetworkProvisioningDelegateImpl]	8	static
DeviceNetworkProvisioningDelegateImpl.h:32:7:virtual chip::DeviceLayer::DeviceNetworkProvisioningDelegateImpl::~DeviceNetworkProvisioningDelegateImpl()	8	static
GenericDeviceNetworkProvisioningDelegateImpl.h:42:19:CHIP_ERROR chip::DeviceLayer::Internal::GenericDeviceNetworkProvisioningDelegateImpl<ImplClass>::ProvisionWiFi(const char*, const char*) [with ImplClass = chip::DeviceLayer::DeviceNetworkProvisioningDelegateImpl]	0	static
network-commissioning.cpp:109:34:EmberAfNetworkCommissioningError chip::app::clusters::NetworkCommissioning::OnAddThreadNetworkCommandCallbackInternal(chip::app::CommandHandler*, chip::EndpointId, chip::ByteSpan, uint64_t, uint32_t)	8	static
network-commissioning.cpp:158:34:EmberAfNetworkCommissioningError chip::app::clusters::NetworkCommissioning::OnAddWiFiNetworkCommandCallbackInternal(chip::app::CommandHandler*, chip::EndpointId, chip::ByteSpan, chip::ByteSpan, uint64_t, uint32_t)	64	static
network-commissioning.cpp:258:34:EmberAfNetworkCommissioningError chip::app::clusters::NetworkCommissioning::OnEnableNetworkCommandCallbackInternal(chip::app::CommandHandler*, chip::EndpointId, chip::ByteSpan, uint64_t, uint32_t)	64	static
