operational-credentials-server.cpp:173:7:OpCredsFabricTableDelegate::~OpCredsFabricTableDelegate()	0	static
operational-credentials-server.cpp:173:7:virtual OpCredsFabricTableDelegate::~OpCredsFabricTableDelegate()	8	static
operational-credentials-server.cpp:158:21:chip::Transport::FabricInfo* retrieveCurrentFabric()	32	static
operational-credentials-server.cpp:319:6:void {anonymous}::DoRemoveAllFabrics(intptr_t)	0	static
FabricTable.h:104:27:chip::Crypto::P256Keypair* chip::Transport::FabricInfo::GetOperationalKey()	16	static
FabricTable.h:299:27:chip::Transport::ConstFabricIterator& chip::Transport::ConstFabricIterator::Advance()	8	static
operational-credentials-server.cpp:57:15:EmberAfStatus writeFabricAttribute(uint8_t*, int32_t)	40	static
operational-credentials-server.cpp:83:15:EmberAfStatus writeFabric(chip::FabricId, chip::NodeId, uint16_t, const uint8_t*, int32_t)	80	static
operational-credentials-server.cpp:105:12:CHIP_ERROR writeFabricsIntoFabricsListAttribute()	64	static
operational-credentials-server.cpp:195:10:virtual void OpCredsFabricTableDelegate::OnFabricPersistedToStorage(chip::Transport::FabricInfo*)	24	static
operational-credentials-server.cpp:184:10:virtual void OpCredsFabricTableDelegate::OnFabricRetrievedFromStorage(chip::Transport::FabricInfo*)	24	static
operational-credentials-server.cpp:177:10:virtual void OpCredsFabricTableDelegate::OnFabricDeletedFromStorage(chip::FabricIndex)	8	static
operational-credentials-server.cpp:208:6:void emberAfPluginOperationalCredentialsServerInitCallback()	8	static
operational-credentials-server.cpp:216:6:bool emberAfOperationalCredentialsClusterRemoveFabricCallback(chip::app::CommandHandler*, chip::FabricId, chip::NodeId, uint16_t)	32	static
operational-credentials-server.cpp:242:6:bool emberAfOperationalCredentialsClusterSetFabricCallback(chip::app::CommandHandler*, uint16_t)	40	static
operational-credentials-server.cpp:293:6:bool emberAfOperationalCredentialsClusterUpdateFabricLabelCallback(chip::app::CommandHandler*, uint8_t*)	16	static
operational-credentials-server.cpp:326:6:bool emberAfOperationalCredentialsClusterRemoveAllFabricsCallback(chip::app::CommandHandler*)	8	static
operational-credentials-server.cpp:334:6:bool emberAfOperationalCredentialsClusterAddOpCertCallback(chip::app::CommandHandler*, chip::ByteSpan, chip::ByteSpan, chip::NodeId, uint16_t)	24	static
operational-credentials-server.cpp:364:6:bool emberAfOperationalCredentialsClusterOpCSRRequestCallback(chip::app::CommandHandler*, chip::ByteSpan)	664	static
operational-credentials-server.cpp:428:6:bool emberAfOperationalCredentialsClusterUpdateOpCertCallback(chip::app::CommandHandler*, chip::ByteSpan, chip::ByteSpan)	16	static
operational-credentials-server.cpp:436:6:bool emberAfOperationalCredentialsClusterAddTrustedRootCertificateCallback(chip::app::CommandHandler*, chip::ByteSpan)	24	static
operational-credentials-server.cpp:460:6:bool emberAfOperationalCredentialsClusterRemoveTrustedRootCertificateCallback(chip::app::CommandHandler*, chip::ByteSpan)	16	static
operational-credentials-server.cpp:466:1:cpp)	0	static
