door-lock-server-schedule.cpp:97:6:void emAfPluginDoorLockServerInitSchedule()	0	static
door-lock-server-schedule.cpp:123:6:bool emberAfDoorLockClusterSetWeekdayScheduleCallback(chip::app::CommandHandler*, uint8_t, uint16_t, uint8_t, uint8_t, uint8_t, uint8_t, uint8_t)	88	static
door-lock-server-schedule.cpp:181:6:bool emberAfDoorLockClusterGetWeekdayScheduleCallback(chip::app::CommandHandler*, uint8_t, uint16_t)	56	static
door-lock-server-schedule.cpp:220:6:bool emberAfDoorLockClusterClearWeekdayScheduleCallback(chip::app::CommandHandler*, uint8_t, uint16_t)	40	static
door-lock-server-schedule.cpp:250:6:bool emberAfDoorLockClusterSetYeardayScheduleCallback(chip::app::CommandHandler*, uint8_t, uint16_t, uint32_t, uint32_t)	40	static
door-lock-server-schedule.cpp:286:6:bool emberAfDoorLockClusterGetYeardayScheduleCallback(chip::app::CommandHandler*, uint8_t, uint16_t)	56	static
door-lock-server-schedule.cpp:331:6:bool emberAfDoorLockClusterClearYeardayScheduleCallback(chip::app::CommandHandler*, uint8_t, uint16_t)	40	static
door-lock-server-schedule.cpp:364:6:bool emberAfDoorLockClusterSetHolidayScheduleCallback(chip::app::CommandHandler*, uint8_t, uint32_t, uint32_t, uint8_t)	40	static
door-lock-server-schedule.cpp:403:6:bool emberAfDoorLockClusterGetHolidayScheduleCallback(chip::app::CommandHandler*, uint8_t)	48	static
door-lock-server-schedule.cpp:447:6:bool emberAfDoorLockClusterClearHolidayScheduleCallback(chip::app::CommandHandler*, uint8_t)	40	static
