door-lock-server-user.cpp:128:13:void printPin(uint8_t*)	16	static
door-lock-server-user.cpp:829:13:void scheduleAutoRelock(uint32_t)	24	static
door-lock-server-user.cpp:575:13:void printSuccessOrFailure(bool)	0	static
door-lock-server-user.cpp:161:16:uint8_t setUser(uint16_t, uint8_t, uint8_t, uint8_t*, EmberAfPluginDoorLockServerUser*, uint8_t)	32	static
door-lock-server-user.cpp:595:13:bool verifyPin(uint8_t*, uint8_t*)	56	static
door-lock-server-user.cpp:784:22:EmberAfStatus applyCode(uint8_t*, uint8_t, EmberAfPluginDoorLockServerUser*, uint8_t)	40	static
door-lock-server-user.cpp:65:6:bool emAfPluginDoorLockServerCheckForSufficientSpace(uint16_t, uint8_t)	8	static
door-lock-server-user.cpp:92:6:void emAfPluginDoorLockServerInitUser()	0	static
door-lock-server-user.cpp:223:6:bool emberAfDoorLockClusterGetUserTypeCallback(chip::app::CommandHandler*, uint16_t)	40	static
door-lock-server-user.cpp:250:6:bool emberAfDoorLockClusterSetUserTypeCallback(chip::app::CommandHandler*, uint16_t, uint8_t)	40	static
door-lock-server-user.cpp:276:6:bool emAfPluginDoorLockServerSetPinUserType(uint16_t, EmberAfDoorLockUserType)	0	static
door-lock-server-user.cpp:292:6:bool emberAfDoorLockClusterSetPinCallback(chip::app::CommandHandler*, uint16_t, uint8_t, uint8_t, uint8_t*)	96	static
door-lock-server-user.cpp:344:6:bool emberAfDoorLockClusterGetPinCallback(chip::app::CommandHandler*, uint16_t)	56	static
door-lock-server-user.cpp:388:6:bool emberAfDoorLockClusterClearPinCallback(chip::app::CommandHandler*, uint16_t)	80	static
door-lock-server-user.cpp:430:6:bool emberAfDoorLockClusterClearAllPinsCallback(chip::app::CommandHandler*)	40	static
door-lock-server-user.cpp:461:6:bool emberAfDoorLockClusterSetRfidCallback(chip::app::CommandHandler*, uint16_t, uint8_t, uint8_t, uint8_t*)	48	static
door-lock-server-user.cpp:485:6:bool emberAfDoorLockClusterGetRfidCallback(chip::app::CommandHandler*, uint16_t)	56	static
door-lock-server-user.cpp:523:6:bool emberAfDoorLockClusterClearRfidCallback(chip::app::CommandHandler*, uint16_t)	40	static
door-lock-server-user.cpp:545:6:bool emberAfDoorLockClusterClearAllRfidsCallback(chip::app::CommandHandler*)	40	static
door-lock-server-user.cpp:627:6:bool emberAfDoorLockClusterLockDoorCallback(chip::app::CommandHandler*, uint8_t*)	72	static
door-lock-server-user.cpp:691:6:bool emberAfDoorLockClusterUnlockDoorCallback(chip::app::CommandHandler*, uint8_t*)	80	static
door-lock-server-user.cpp:806:6:void emberAfPluginDoorLockServerLockoutEventHandler()	8	static
door-lock-server-user.cpp:813:15:EmberAfStatus emberAfPluginDoorLockServerApplyRfid(uint8_t*, uint8_t)	0	static
door-lock-server-user.cpp:818:15:EmberAfStatus emberAfPluginDoorLockServerApplyPin(uint8_t*, uint8_t)	0	static
door-lock-server-user.cpp:854:6:void emberAfPluginDoorLockServerRelockEventHandler()	8	static
door-lock-server-user.cpp:862:6:void emberAfDoorLockClusterServerAttributeChangedCallback(chip::EndpointId, chip::AttributeId)	24	static
door-lock-server-user.cpp:880:6:bool emberAfDoorLockClusterUnlockWithTimeoutCallback(chip::app::CommandHandler*, uint16_t, uint8_t*)	48	static
door-lock-server-user.cpp:922:6:bool emberAfPluginDoorLockServerActivateDoorLockCallback(bool)	0	static
