chipinterface.cpp:31:14:virtual void {anonymous}::AppCallbacks::OnReceiveError()	0	static
chipinterface.cpp:28:11:{anonymous}::AppCallbacks::~AppCallbacks()	0	static
DeviceCallbacks.h:33:7:DeviceCallbacks::~DeviceCallbacks()	0	static
chipinterface.cpp:28:11:virtual {anonymous}::AppCallbacks::~AppCallbacks()	8	static
chipinterface.cpp:51:17:void DCTTest()	264	static
chipinterface.cpp:113:17:void ChipTest()	24	static
chipinterface.cpp:146:6:bool lowPowerClusterSleep()	0	static
DeviceCallbacks.h:33:7:virtual DeviceCallbacks::~DeviceCallbacks()	8	static
chipinterface.cpp:149:1:cpp)	0	static
