DeviceCallbacks.cpp:55:6:virtual void DeviceCallbacks::DeviceEventCallback(const chip::DeviceLayer::ChipDeviceEvent*, intptr_t)	0	static
DeviceCallbacks.h:33:7:DeviceCallbacks::~DeviceCallbacks()	0	static
DeviceCallbacks.h:33:7:virtual DeviceCallbacks::~DeviceCallbacks()	8	static
DeviceCallbacks.cpp:134:6:void DeviceCallbacks::OnOnOffPostAttributeChangeCallback(chip::EndpointId, chip::AttributeId, uint8_t*)	0	static
DeviceCallbacks.cpp:147:6:void IdentifyTimerHandler(chip::System::Layer*, void*, CHIP_ERROR)	0	static
DeviceCallbacks.cpp:159:6:void DeviceCallbacks::OnIdentifyPostAttributeChangeCallback(chip::EndpointId, chip::AttributeId, uint8_t*)	0	static
DeviceCallbacks.cpp:71:6:virtual void DeviceCallbacks::PostAttributeChangeCallback(chip::EndpointId, chip::ClusterId, chip::AttributeId, uint8_t, uint16_t, uint8_t, uint16_t, uint8_t*)	32	static
DeviceCallbacks.cpp:178:6:bool emberAfBasicClusterMfgSpecificPingCallback(chip::app::Command*)	8	static
