color-control-server.cpp:1824:17:uint16_t computeTransitionTimeFromStateAndRate(Color16uTransitionState*, uint16_t)	0	static
color-control-server.cpp:958:17:uint16_t readEnhancedHue(chip::EndpointId)	24	static
color-control-server.cpp:941:16:uint8_t readHue(chip::EndpointId)	24	static
color-control-server.cpp:950:16:uint8_t readSaturation(chip::EndpointId)	24	static
color-control-server.cpp:927:13:void initHueSat(chip::EndpointId)	16	static
color-control-server.cpp:1178:17:uint16_t readColorX(chip::EndpointId)	24	static
color-control-server.cpp:1187:17:uint16_t readColorY(chip::EndpointId)	24	static
color-control-server.cpp:202:17:uint16_t readColorTemperatureMin(chip::EndpointId)	24	static
color-control-server.cpp:219:17:uint16_t readColorTemperatureMax(chip::EndpointId)	24	static
color-control-server.cpp:193:17:uint16_t readColorTemperature(chip::EndpointId)	24	static
color-control-server.cpp:1531:13:void stopAllColorTransitions()	8	static
color-control-server.cpp:270:13:void writeRemainingTime(chip::EndpointId, uint16_t)	24	static
color-control-server.cpp:1782:13:bool computeNewColor16uValue(Color16uTransitionState*)	8	static
color-control-server.cpp:1909:13:bool shouldExecuteIfOff(chip::EndpointId, uint8_t, uint8_t)	40	static
color-control-server.cpp:1549:13:void handleModeSwitch(chip::EndpointId, uint8_t)	32	static
color-control-server.cpp:327:13:bool moveToHueAndSaturation(uint16_t, uint8_t, uint16_t, uint8_t, uint8_t, bool)	32	static
color-control-server.cpp:429:13:bool moveHue(uint8_t, uint16_t, uint8_t, uint8_t, bool)	24	static
color-control-server.cpp:585:13:bool moveToHue(uint16_t, uint8_t, uint16_t, uint8_t, uint8_t, bool)	32	static
color-control-server.cpp:751:13:bool stepHue(uint8_t, uint16_t, uint16_t, uint8_t, uint8_t, bool)	32	static
color-control-server.cpp:1200:13:void moveToColorTemp(chip::EndpointId, uint16_t, uint16_t)	32	static
color-control-server.cpp:422:6:bool emberAfColorControlClusterMoveToHueAndSaturationCallback(chip::app::CommandHandler*, uint8_t, uint8_t, uint16_t, uint8_t, uint8_t)	8	static
color-control-server.cpp:521:6:bool emberAfColorControlClusterMoveHueCallback(chip::app::CommandHandler*, uint8_t, uint8_t, uint8_t, uint8_t)	4	static
color-control-server.cpp:527:6:bool emberAfColorControlClusterMoveSaturationCallback(chip::app::CommandHandler*, uint8_t, uint8_t, uint8_t, uint8_t)	24	static
color-control-server.cpp:692:6:bool emberAfColorControlClusterMoveToHueCallback(chip::app::CommandHandler*, uint8_t, uint8_t, uint16_t, uint8_t, uint8_t)	8	static
color-control-server.cpp:698:6:bool emberAfColorControlClusterMoveToSaturationCallback(chip::app::CommandHandler*, uint8_t, uint16_t, uint8_t, uint8_t)	24	static
color-control-server.cpp:831:6:bool emberAfColorControlClusterStepHueCallback(chip::app::CommandHandler*, uint8_t, uint8_t, uint8_t, uint8_t, uint8_t)	8	static
color-control-server.cpp:838:6:bool emberAfColorControlClusterStepSaturationCallback(chip::app::CommandHandler*, uint8_t, uint8_t, uint8_t, uint8_t, uint8_t)	32	static
color-control-server.cpp:971:6:bool emberAfColorControlClusterMoveToColorCallback(chip::app::CommandHandler*, uint16_t, uint16_t, uint16_t, uint8_t, uint8_t)	32	static
color-control-server.cpp:1021:6:bool emberAfColorControlClusterMoveColorCallback(chip::app::CommandHandler*, int16_t, int16_t, uint8_t, uint8_t)	32	static
color-control-server.cpp:1102:6:bool emberAfColorControlClusterStepColorCallback(chip::app::CommandHandler*, int16_t, int16_t, uint16_t, uint8_t, uint8_t)	32	static
color-control-server.cpp:1240:6:bool emberAfColorControlClusterMoveToColorTemperatureCallback(chip::app::CommandHandler*, uint16_t, uint16_t, uint8_t, uint8_t)	16	static
color-control-server.cpp:1257:6:bool emberAfColorControlClusterMoveColorTemperatureCallback(chip::app::CommandHandler*, uint8_t, uint16_t, uint16_t, uint16_t, uint8_t, uint8_t)	40	static
color-control-server.cpp:1341:6:bool emberAfColorControlClusterStepColorTemperatureCallback(chip::app::CommandHandler*, uint8_t, uint16_t, uint16_t, uint16_t, uint16_t, uint8_t, uint8_t)	32	static
color-control-server.cpp:1409:6:void emberAfPluginLevelControlCoupledColorTempChangeCallback(chip::EndpointId)	32	static
color-control-server.cpp:1479:6:bool emberAfColorControlClusterStopMoveStepCallback(chip::app::CommandHandler*, uint8_t, uint8_t)	8	static
color-control-server.cpp:1494:6:bool emberAfColorControlClusterColorLoopSetCallback(chip::app::CommandHandler*, uint8_t, uint8_t, uint8_t, uint16_t, uint16_t, uint8_t, uint8_t)	8	static
color-control-server.cpp:1503:6:bool emberAfColorControlClusterEnhancedMoveHueCallback(chip::app::CommandHandler*, uint8_t, uint16_t, uint8_t, uint8_t)	4	static
color-control-server.cpp:1509:6:bool emberAfColorControlClusterEnhancedMoveToHueCallback(chip::app::CommandHandler*, uint16_t, uint8_t, uint16_t, uint8_t, uint8_t)	8	static
color-control-server.cpp:1516:6:bool emberAfColorControlClusterEnhancedMoveToHueAndSaturationCallback(chip::app::CommandHandler*, uint16_t, uint8_t, uint16_t, uint8_t, uint8_t)	8	static
color-control-server.cpp:1523:6:bool emberAfColorControlClusterEnhancedStepHueCallback(chip::app::CommandHandler*, uint8_t, uint16_t, uint16_t, uint8_t, uint8_t)	8	static
color-control-server.cpp:1538:6:void emberAfPluginColorControlServerStopTransition()	0	static
color-control-server.cpp:1747:6:void emberAfPluginColorControlServerHueSatTransitionEventHandler()	32	static
color-control-server.cpp:1857:6:void emberAfPluginColorControlServerXyTransitionEventHandler()	32	static
color-control-server.cpp:1886:6:void emberAfPluginColorControlServerTempTransitionEventHandler()	24	static
color-control-server.cpp:1983:6:void emberAfColorControlClusterServerInitCallback(chip::EndpointId)	48	static
color-control-server.cpp:2039:6:void emberAfPluginColorControlServerComputePwmFromHsvCallback(chip::EndpointId)	0	static
color-control-server.cpp:2041:6:void emberAfPluginColorControlServerComputePwmFromTempCallback(chip::EndpointId)	0	static
color-control-server.cpp:2043:6:void emberAfPluginColorControlServerComputePwmFromXyCallback(chip::EndpointId)	0	static
