media-playback-server.cpp:74:13:void sendResponse(chip::app::CommandHandler*, const char*, chip::CommandId, EmberAfMediaPlaybackStatus)	40	static
media-playback-server.cpp:60:6:void storeNewPlaybackState(chip::EndpointId, uint8_t)	32	static
media-playback-server.cpp:95:6:bool emberAfMediaPlaybackClusterMediaPlayCallback(chip::app::CommandHandler*)	16	static
media-playback-server.cpp:103:6:bool emberAfMediaPlaybackClusterMediaPauseCallback(chip::app::CommandHandler*)	16	static
media-playback-server.cpp:111:6:bool emberAfMediaPlaybackClusterMediaStopCallback(chip::app::CommandHandler*)	16	static
media-playback-server.cpp:119:6:bool emberAfMediaPlaybackClusterMediaFastForwardCallback(chip::app::CommandHandler*)	8	static
media-playback-server.cpp:126:6:bool emberAfMediaPlaybackClusterMediaPreviousCallback(chip::app::CommandHandler*)	8	static
media-playback-server.cpp:133:6:bool emberAfMediaPlaybackClusterMediaRewindCallback(chip::app::CommandHandler*)	8	static
media-playback-server.cpp:140:6:bool emberAfMediaPlaybackClusterMediaSkipBackwardCallback(chip::app::CommandHandler*, uint64_t)	8	static
media-playback-server.cpp:148:6:bool emberAfMediaPlaybackClusterMediaSkipForwardCallback(chip::app::CommandHandler*, uint64_t)	8	static
media-playback-server.cpp:156:6:bool emberAfMediaPlaybackClusterMediaSeekCallback(chip::app::CommandHandler*, uint64_t)	8	static
media-playback-server.cpp:164:6:bool emberAfMediaPlaybackClusterMediaNextCallback(chip::app::CommandHandler*)	8	static
media-playback-server.cpp:170:6:bool emberAfMediaPlaybackClusterMediaStartOverCallback(chip::app::CommandHandler*)	8	static
