barrier-control-server.cpp:127:13:void setMovingState(chip::EndpointId, uint8_t)	8	static
barrier-control-server.cpp:80:6:void emberAfPluginBarrierControlServerInitCallback()	0	static
barrier-control-server.cpp:85:9:uint8_t emAfPluginBarrierControlServerGetBarrierPosition(chip::EndpointId)	16	static
barrier-control-server.cpp:93:6:void emAfPluginBarrierControlServerSetBarrierPosition(chip::EndpointId, uint8_t)	8	static
barrier-control-server.cpp:99:6:bool emAfPluginBarrierControlServerIsPartialBarrierSupported(chip::EndpointId)	16	static
barrier-control-server.cpp:133:10:uint16_t emAfPluginBarrierControlServerGetSafetyStatus(chip::EndpointId)	16	static
barrier-control-server.cpp:147:6:void emAfPluginBarrierControlServerIncrementEvents(chip::EndpointId, bool, bool)	0	static
barrier-control-server.cpp:250:6:void emberAfBarrierControlClusterServerTickCallback(chip::EndpointId)	16	static
barrier-control-server.cpp:299:6:bool emberAfBarrierControlClusterBarrierControlGoToPercentCallback(chip::app::CommandHandler*, uint8_t)	24	static
barrier-control-server.cpp:341:6:bool emberAfBarrierControlClusterBarrierControlStopCallback(chip::app::CommandHandler*)	8	static
