ExchangeDelegate.h:99:18:virtual void chip::Messaging::ExchangeDelegate::OnExchangeClosing(chip::Messaging::ExchangeContext*)	0	static
ExchangeDelegate.h:101:39:virtual chip::Messaging::ExchangeMessageDispatch* chip::Messaging::ExchangeDelegate::GetMessageDispatch(chip::Messaging::ReliableMessageMgr*, chip::SecureSessionMgr*)	0	static
Command.h:97:24:virtual CHIP_ERROR chip::app::Command::AddStatusCode(const chip::app::CommandPathParams&, chip::Protocols::SecureChannel::GeneralStatusCode, chip::Protocols::Id, chip::Protocols::InteractionModel::ProtocolCode)	8	static
CommandSender.cpp:80:12:virtual CHIP_ERROR chip::app::CommandSender::OnMessageReceived(chip::Messaging::ExchangeContext*, const chip::PacketHeader&, const chip::PayloadHeader&, chip::System::PacketBufferHandle&&)	16	static
CommandSender.cpp:111:6:virtual void chip::app::CommandSender::OnResponseTimeout(chip::Messaging::ExchangeContext*)	8	static
CommandSender.cpp:124:12:virtual CHIP_ERROR chip::app::CommandSender::ProcessCommandDataElement(chip::app::CommandDataElement::Parser&)	248	static
SystemPacketBuffer.h:477:26:chip::System::PacketBufferHandle& chip::System::PacketBufferHandle::operator=(std::nullptr_t)	8	static
CommandSender.h:45:7:chip::app::CommandSender::~CommandSender()	8	static
CommandSender.h:45:7:virtual chip::app::CommandSender::~CommandSender()	8	static
CommandSender.cpp:37:12:CHIP_ERROR chip::app::CommandSender::SendCommandRequest(chip::NodeId, chip::FabricIndex, chip::SecureSessionHandle*)	64	static
