SystemPacketBuffer.h:477:26:chip::System::PacketBufferHandle& chip::System::PacketBufferHandle::operator=(std::nullptr_t)	8	static
TLVPacketBufferBackingStore.h:45:13:chip::System::TLVPacketBufferBackingStore::~TLVPacketBufferBackingStore()	8	static
TLVPacketBufferBackingStore.h:45:13:virtual chip::System::TLVPacketBufferBackingStore::~TLVPacketBufferBackingStore()	8	static
TLVPacketBufferBackingStore.h:58:10:void chip::System::TLVPacketBufferBackingStore::Init(chip::System::PacketBufferHandle&&, bool)	24	static
TLVPacketBufferBackingStore.h:153:10:void chip::System::PacketBufferTLVWriter::Reset()	16	static
CommandDataElement.h:115:7:chip::app::CommandDataElement::Builder::Builder()	8	static
Command.cpp:80:12:CHIP_ERROR chip::app::Command::ProcessCommandMessage(chip::System::PacketBufferHandle&&, chip::app::Command::CommandRoleId)	336	static
Command.cpp:170:18:chip::TLV::TLVWriter* chip::app::Command::GetCommandDataElementTLVWriter()	8	static
Command.cpp:195:12:CHIP_ERROR chip::app::Command::ConstructCommandPath(const chip::app::CommandPathParams&, chip::app::CommandDataElement::Builder)	32	static
Command.cpp:148:12:CHIP_ERROR chip::app::Command::PrepareCommand(const chip::app::CommandPathParams&, bool)	104	static
Command.cpp:214:12:CHIP_ERROR chip::app::Command::AbortExistingExchangeContext()	8	static
Command.cpp:227:12:CHIP_ERROR chip::app::Command::FinalizeCommandsMessage(chip::System::PacketBufferHandle&)	80	static
Command.cpp:247:14:const char* chip::app::Command::GetStateStr() const	0	static
Command.cpp:268:6:void chip::app::Command::MoveToState(chip::app::Command::CommandState)	8	static
Command.cpp:53:12:CHIP_ERROR chip::app::Command::Reset()	72	static
Command.cpp:36:12:CHIP_ERROR chip::app::Command::Init(chip::Messaging::ExchangeManager*, chip::app::InteractionModelDelegate*)	4	static
Command.cpp:175:12:CHIP_ERROR chip::app::Command::FinishCommand(bool)	64	static
Command.cpp:274:6:void chip::app::Command::ClearState()	0	static
Command.cpp:136:6:void chip::app::Command::ShutdownInternal()	16	static
Command.cpp:129:6:void chip::app::Command::Shutdown()	8	static
