ExchangeDelegate.h:99:18:virtual void chip::Messaging::ExchangeDelegate::OnExchangeClosing(chip::Messaging::ExchangeContext*)	0	static
ExchangeDelegate.h:101:39:virtual chip::Messaging::ExchangeMessageDispatch* chip::Messaging::ExchangeDelegate::GetMessageDispatch(chip::Messaging::ReliableMessageMgr*, chip::SecureSessionMgr*)	0	static
Command.h:97:24:virtual CHIP_ERROR chip::app::Command::AddStatusCode(const chip::app::CommandPathParams&, chip::Protocols::SecureChannel::GeneralStatusCode, chip::Protocols::Id, chip::Protocols::InteractionModel::ProtocolCode)	8	static
InteractionModelEngine.h:77:7:chip::app::InteractionModelEngine::~InteractionModelEngine()	24	static
ReadHandler.h:102:13:chip::app::ReadHandler::~ReadHandler()	0	static
ReadHandler.h:102:13:virtual chip::app::ReadHandler::~ReadHandler()	8	static
InteractionModelEngine.h:77:7:virtual chip::app::InteractionModelEngine::~InteractionModelEngine()	8	static
InteractionModelEngine.cpp:318:6:virtual void chip::app::InteractionModelEngine::OnResponseTimeout(chip::Messaging::ExchangeContext*)	0	static
TLVPacketBufferBackingStore.h:45:13:chip::System::TLVPacketBufferBackingStore::~TLVPacketBufferBackingStore()	8	static
WriteHandler.h:76:13:chip::app::WriteHandler::~WriteHandler()	8	static
WriteHandler.h:76:13:virtual chip::app::WriteHandler::~WriteHandler()	8	static
TLVPacketBufferBackingStore.h:45:13:virtual chip::System::TLVPacketBufferBackingStore::~TLVPacketBufferBackingStore()	8	static
InvokeCommand.h:86:7:chip::app::InvokeCommand::Builder::Builder()	8	static
InteractionModelEngine.cpp:36:1:chip::app::InteractionModelEngine::InteractionModelEngine()	48	static
InteractionModelEngine.cpp:38:26:static chip::app::InteractionModelEngine* chip::app::InteractionModelEngine::GetInstance()	0	static
InteractionModelEngine.cpp:43:12:CHIP_ERROR chip::app::InteractionModelEngine::Init(chip::Messaging::ExchangeManager*, chip::app::InteractionModelDelegate*)	16	static
InteractionModelEngine.cpp:62:6:void chip::app::InteractionModelEngine::Shutdown()	24	static
InteractionModelEngine.cpp:123:12:CHIP_ERROR chip::app::InteractionModelEngine::NewCommandSender(chip::app::CommandSender**)	16	static
InteractionModelEngine.cpp:143:12:CHIP_ERROR chip::app::InteractionModelEngine::NewReadClient(chip::app::ReadClient**, intptr_t)	16	static
InteractionModelEngine.cpp:164:12:CHIP_ERROR chip::app::InteractionModelEngine::NewWriteClient(chip::app::WriteClient**)	16	static
InteractionModelEngine.cpp:183:12:CHIP_ERROR chip::app::InteractionModelEngine::OnUnknownMsgType(chip::Messaging::ExchangeContext*, const chip::PacketHeader&, const chip::PayloadHeader&, chip::System::PacketBufferHandle&&)	8	static
InteractionModelEngine.cpp:207:12:CHIP_ERROR chip::app::InteractionModelEngine::OnInvokeCommandRequest(chip::Messaging::ExchangeContext*, const chip::PacketHeader&, const chip::PayloadHeader&, chip::System::PacketBufferHandle&&)	32	static
InteractionModelEngine.cpp:235:12:CHIP_ERROR chip::app::InteractionModelEngine::OnReadRequest(chip::Messaging::ExchangeContext*, const chip::PacketHeader&, const chip::PayloadHeader&, chip::System::PacketBufferHandle&&)	24	static
InteractionModelEngine.cpp:264:12:CHIP_ERROR chip::app::InteractionModelEngine::OnWriteRequest(chip::Messaging::ExchangeContext*, const chip::PacketHeader&, const chip::PayloadHeader&, chip::System::PacketBufferHandle&&)	24	static
InteractionModelEngine.cpp:323:12:CHIP_ERROR chip::app::InteractionModelEngine::SendReadRequest(chip::NodeId, chip::FabricIndex, chip::SecureSessionHandle*, chip::app::EventPathParams*, size_t, chip::app::AttributePathParams*, size_t, chip::EventNumber, intptr_t)	56	static
InteractionModelEngine.cpp:342:1:CHIP_ERROR chip::app::WriteSingleClusterData(chip::app::ClusterInfo&, chip::TLV::TLVReader&, chip::app::WriteHandler*)	32	static
InteractionModelEngine.cpp:354:10:uint16_t chip::app::InteractionModelEngine::GetReadClientArrayIndex(const chip::app::ReadClient*) const	0	static
InteractionModelEngine.cpp:359:10:uint16_t chip::app::InteractionModelEngine::GetWriteClientArrayIndex(const chip::app::WriteClient*) const	0	static
InteractionModelEngine.cpp:364:6:void chip::app::InteractionModelEngine::ReleaseClusterInfoList(chip::app::ClusterInfo*&)	8	static
InteractionModelEngine.cpp:384:12:CHIP_ERROR chip::app::InteractionModelEngine::PushFront(chip::app::ClusterInfo*&, chip::app::ClusterInfo&)	20	static
MessageHeader.h:343:10:bool chip::PayloadHeader::HasMessageType(MessageType) const [with MessageType = chip::Protocols::InteractionModel::MsgType; <template-parameter-1-2> = void]	0	static
InteractionModelEngine.cpp:294:12:virtual CHIP_ERROR chip::app::InteractionModelEngine::OnMessageReceived(chip::Messaging::ExchangeContext*, const chip::PacketHeader&, const chip::PayloadHeader&, chip::System::PacketBufferHandle&&)	24	static
InteractionModelEngine.cpp:399:1:cpp)	8	static
