SystemPacketBuffer.h:477:26:chip::System::PacketBufferHandle& chip::System::PacketBufferHandle::operator=(std::nullptr_t)	8	static
TLVPacketBufferBackingStore.h:45:13:chip::System::TLVPacketBufferBackingStore::~TLVPacketBufferBackingStore()	8	static
TLVPacketBufferBackingStore.h:45:13:virtual chip::System::TLVPacketBufferBackingStore::~TLVPacketBufferBackingStore()	8	static
ReadHandler.cpp:166:12:CHIP_ERROR chip::app::ReadHandler::ProcessAttributePathList(chip::app::AttributePathList::Parser&)	176	static
ReadHandler.cpp:224:12:CHIP_ERROR chip::app::ReadHandler::ProcessEventPathList(chip::app::EventPathList::Parser&)	176	static
ReadHandler.cpp:269:14:const char* chip::app::ReadHandler::GetStateStr() const	0	static
ReadHandler.cpp:287:6:void chip::app::ReadHandler::MoveToState(chip::app::ReadHandler::HandlerState)	8	static
ReadHandler.cpp:33:12:CHIP_ERROR chip::app::ReadHandler::Init(chip::app::InteractionModelDelegate*)	8	static
ReadHandler.cpp:50:6:void chip::app::ReadHandler::Shutdown()	16	static
ReadHandler.cpp:78:12:CHIP_ERROR chip::app::ReadHandler::SendReportData(chip::System::PacketBufferHandle&&)	32	static
ReadHandler.cpp:96:12:CHIP_ERROR chip::app::ReadHandler::ProcessReadRequest(chip::System::PacketBufferHandle&&)	288	static
ReadHandler.cpp:61:12:CHIP_ERROR chip::app::ReadHandler::OnReadRequest(chip::Messaging::ExchangeContext*, chip::System::PacketBufferHandle&&)	24	static
ReadHandler.cpp:322:6:void chip::app::ReadHandler::MoveToNextScheduledDirtyPriority()	20	static
ReadHandler.cpp:293:6:bool chip::app::ReadHandler::CheckEventClean(chip::app::EventManagement&)	32	static
