ExchangeDelegate.h:99:18:virtual void chip::Messaging::ExchangeDelegate::OnExchangeClosing(chip::Messaging::ExchangeContext*)	0	static
ExchangeDelegate.h:101:39:virtual chip::Messaging::ExchangeMessageDispatch* chip::Messaging::ExchangeDelegate::GetMessageDispatch(chip::Messaging::ReliableMessageMgr*, chip::SecureSessionMgr*)	0	static
ReadClient.h:110:13:chip::app::ReadClient::~ReadClient()	0	static
ReadClient.h:110:13:virtual chip::app::ReadClient::~ReadClient()	8	static
SystemPacketBuffer.h:463:26:chip::System::PacketBufferHandle& chip::System::PacketBufferHandle::operator=(chip::System::PacketBufferHandle&&)	16	static
SystemPacketBuffer.h:477:26:chip::System::PacketBufferHandle& chip::System::PacketBufferHandle::operator=(std::nullptr_t)	8	static
TLVPacketBufferBackingStore.h:45:13:chip::System::TLVPacketBufferBackingStore::~TLVPacketBufferBackingStore()	8	static
TLVPacketBufferBackingStore.h:45:13:virtual chip::System::TLVPacketBufferBackingStore::~TLVPacketBufferBackingStore()	8	static
TLVPacketBufferBackingStore.h:58:10:void chip::System::TLVPacketBufferBackingStore::Init(chip::System::PacketBufferHandle&&, bool)	24	static
ReadClient.cpp:66:14:const char* chip::app::ReadClient::GetStateStr() const	0	static
ReadClient.cpp:82:6:void chip::app::ReadClient::MoveToState(chip::app::ReadClient::ClientState)	16	static
ReadClient.cpp:58:6:void chip::app::ReadClient::ShutdownInternal()	0	static
ReadClient.cpp:349:6:virtual void chip::app::ReadClient::OnResponseTimeout(chip::Messaging::ExchangeContext*)	8	static
ReadClient.cpp:164:12:CHIP_ERROR chip::app::ReadClient::GenerateEventPathList(chip::app::ReadRequest::Builder&, chip::app::EventPathParams*, size_t, chip::EventNumber&)	64	static
ReadClient.cpp:195:12:CHIP_ERROR chip::app::ReadClient::GenerateAttributePathList(chip::app::ReadRequest::Builder&, chip::app::AttributePathParams*, size_t)	64	static
ReadClient.cpp:258:12:CHIP_ERROR chip::app::ReadClient::AbortExistingExchangeContext()	8	static
ReadClient.cpp:32:12:CHIP_ERROR chip::app::ReadClient::Init(chip::Messaging::ExchangeManager*, chip::app::InteractionModelDelegate*, intptr_t)	16	static
ReadClient.cpp:52:6:void chip::app::ReadClient::Shutdown()	8	static
ReadClient.cpp:89:12:CHIP_ERROR chip::app::ReadClient::SendReadRequest(chip::NodeId, chip::FabricIndex, chip::SecureSessionHandle*, chip::app::EventPathParams*, size_t, chip::app::AttributePathParams*, size_t, chip::EventNumber)	216	static
ReadClient.cpp:360:12:CHIP_ERROR chip::app::ReadClient::ProcessAttributeDataList(chip::TLV::TLVReader&)	312	static
ReadClient.cpp:269:12:CHIP_ERROR chip::app::ReadClient::ProcessReportData(chip::System::PacketBufferHandle&&)	344	static
ReadClient.cpp:225:12:virtual CHIP_ERROR chip::app::ReadClient::OnMessageReceived(chip::Messaging::ExchangeContext*, const chip::PacketHeader&, const chip::PayloadHeader&, chip::System::PacketBufferHandle&&)	16	static
