Mdns.cpp:64:16:chip::ByteSpan chip::app::Mdns::{anonymous}::FillMAC(uint8_t (&)[8])	24	static
CHIPMemString.h:53:13:void chip::Platform::CopyString(char*, size_t, const char*)	16	static
Optional.h:50:26:constexpr chip::Optional<T>& chip::Optional<T>::operator=(const chip::Optional<T>&) [with T = short unsigned int]	0	static
FabricTable.h:299:27:chip::Transport::ConstFabricIterator& chip::Transport::ConstFabricIterator::Advance()	8	static
Mdns.cpp:87:12:CHIP_ERROR chip::app::Mdns::GetCommissionableInstanceName(char*, size_t)	16	static
Mdns.cpp:94:12:CHIP_ERROR chip::app::Mdns::AdvertiseOperational()	144	static
Mdns.cpp:283:12:CHIP_ERROR chip::app::Mdns::GenerateRotatingDeviceId(char*, size_t)	80	static
Optional.h:74:15:const T& chip::Optional<T>::Value() const [with T = const char*]	8	static
Mdns.cpp:136:12:CHIP_ERROR chip::app::Mdns::Advertise(bool)	752	static
Mdns.cpp:123:12:CHIP_ERROR chip::app::Mdns::AdvertiseCommisioner()	0	static
Mdns.cpp:129:12:CHIP_ERROR chip::app::Mdns::AdvertiseCommissionableNode()	0	static
Mdns.cpp:248:6:void chip::app::Mdns::StartServer()	8	static
