stl_tree.h:656:2:std::_Rb_tree_node<_Val>* std::_Rb_tree<_Key, _Val, _KeyOfValue, _Compare, _Alloc>::_M_clone_node(std::_Rb_tree<_Key, _Val, _KeyOfValue, _Compare, _Alloc>::_Const_Link_type, _NodeGen&) [with _NodeGen = std::_Rb_tree<unsigned char, std::pair<const unsigned char, chip::OptionalQRCodeInfo>, std::_Select1st<std::pair<const unsigned char, chip::OptionalQRCodeInfo> >, std::less<unsigned char>, std::allocator<std::pair<const unsigned char, chip::OptionalQRCodeInfo> > >::_Alloc_node; _Key = unsigned char; _Val = std::pair<const unsigned char, chip::OptionalQRCodeInfo>; _KeyOfValue = std::_Select1st<std::pair<const unsigned char, chip::OptionalQRCodeInfo> >; _Compare = std::less<unsigned char>; _Alloc = std::allocator<std::pair<const unsigned char, chip::OptionalQRCodeInfo> >]	16	static
stl_tree.h:656:2:std::_Rb_tree_node<_Val>* std::_Rb_tree<_Key, _Val, _KeyOfValue, _Compare, _Alloc>::_M_clone_node(std::_Rb_tree<_Key, _Val, _KeyOfValue, _Compare, _Alloc>::_Const_Link_type, _NodeGen&) [with _NodeGen = std::_Rb_tree<unsigned char, std::pair<const unsigned char, chip::OptionalQRCodeInfoExtension>, std::_Select1st<std::pair<const unsigned char, chip::OptionalQRCodeInfoExtension> >, std::less<unsigned char>, std::allocator<std::pair<const unsigned char, chip::OptionalQRCodeInfoExtension> > >::_Alloc_node; _Key = unsigned char; _Val = std::pair<const unsigned char, chip::OptionalQRCodeInfoExtension>; _KeyOfValue = std::_Select1st<std::pair<const unsigned char, chip::OptionalQRCodeInfoExtension> >; _Compare = std::less<unsigned char>; _Alloc = std::allocator<std::pair<const unsigned char, chip::OptionalQRCodeInfoExtension> >]	16	static
OnboardingCodesUtil.cpp:81:12:CHIP_ERROR GetSetupPayload(chip::SetupPayload&, chip::RendezvousInformationFlags)	16	static
SetupPayload.h:149:7:chip::SetupPayload::SetupPayload()	0	static
OnboardingCodesUtil.cpp:181:12:CHIP_ERROR EncodeQRCodeToUrl(const char*, size_t, char*, size_t)	64	static
OnboardingCodesUtil.cpp:141:12:CHIP_ERROR GetQRCodeUrl(char*, size_t, const string&)	24	static
stl_tree.h:1907:5:void std::_Rb_tree<_Key, _Val, _KeyOfValue, _Compare, _Alloc>::_M_erase(std::_Rb_tree<_Key, _Val, _KeyOfValue, _Compare, _Alloc>::_Link_type) [with _Key = unsigned char; _Val = std::pair<const unsigned char, chip::OptionalQRCodeInfo>; _KeyOfValue = std::_Select1st<std::pair<const unsigned char, chip::OptionalQRCodeInfo> >; _Compare = std::less<unsigned char>; _Alloc = std::allocator<std::pair<const unsigned char, chip::OptionalQRCodeInfo> >]	16	static
stl_tree.h:1907:5:void std::_Rb_tree<_Key, _Val, _KeyOfValue, _Compare, _Alloc>::_M_erase(std::_Rb_tree<_Key, _Val, _KeyOfValue, _Compare, _Alloc>::_Link_type) [with _Key = unsigned char; _Val = std::pair<const unsigned char, chip::OptionalQRCodeInfoExtension>; _KeyOfValue = std::_Select1st<std::pair<const unsigned char, chip::OptionalQRCodeInfoExtension> >; _Compare = std::less<unsigned char>; _Alloc = std::allocator<std::pair<const unsigned char, chip::OptionalQRCodeInfoExtension> >]	16	static
SetupPayload.h:149:7:chip::SetupPayload::~SetupPayload()	8	static
stl_tree.h:1871:7:std::_Rb_tree_node<_Val>* std::_Rb_tree<_Key, _Val, _KeyOfValue, _Compare, _Alloc>::_M_copy(std::_Rb_tree<_Key, _Val, _KeyOfValue, _Compare, _Alloc>::_Const_Link_type, std::_Rb_tree<_Key, _Val, _KeyOfValue, _Compare, _Alloc>::_Base_ptr, _NodeGen&) [with _NodeGen = std::_Rb_tree<unsigned char, std::pair<const unsigned char, chip::OptionalQRCodeInfo>, std::_Select1st<std::pair<const unsigned char, chip::OptionalQRCodeInfo> >, std::less<unsigned char>, std::allocator<std::pair<const unsigned char, chip::OptionalQRCodeInfo> > >::_Alloc_node; _Key = unsigned char; _Val = std::pair<const unsigned char, chip::OptionalQRCodeInfo>; _KeyOfValue = std::_Select1st<std::pair<const unsigned char, chip::OptionalQRCodeInfo> >; _Compare = std::less<unsigned char>; _Alloc = std::allocator<std::pair<const unsigned char, chip::OptionalQRCodeInfo> >]	32	static
stl_tree.h:1871:7:std::_Rb_tree_node<_Val>* std::_Rb_tree<_Key, _Val, _KeyOfValue, _Compare, _Alloc>::_M_copy(std::_Rb_tree<_Key, _Val, _KeyOfValue, _Compare, _Alloc>::_Const_Link_type, std::_Rb_tree<_Key, _Val, _KeyOfValue, _Compare, _Alloc>::_Base_ptr, _NodeGen&) [with _NodeGen = std::_Rb_tree<unsigned char, std::pair<const unsigned char, chip::OptionalQRCodeInfoExtension>, std::_Select1st<std::pair<const unsigned char, chip::OptionalQRCodeInfoExtension> >, std::less<unsigned char>, std::allocator<std::pair<const unsigned char, chip::OptionalQRCodeInfoExtension> > >::_Alloc_node; _Key = unsigned char; _Val = std::pair<const unsigned char, chip::OptionalQRCodeInfoExtension>; _KeyOfValue = std::_Select1st<std::pair<const unsigned char, chip::OptionalQRCodeInfoExtension> >; _Compare = std::less<unsigned char>; _Alloc = std::allocator<std::pair<const unsigned char, chip::OptionalQRCodeInfoExtension> >]	32	static
SetupPayload.h:149:7:chip::SetupPayload::SetupPayload(const chip::SetupPayload&)	24	static
OnboardingCodesUtil.cpp:118:12:CHIP_ERROR GetQRCode(std::string&, chip::RendezvousInformationFlags)	144	static
OnboardingCodesUtil.cpp:155:12:CHIP_ERROR GetManualPairingCode(std::string&, chip::RendezvousInformationFlags)	144	static
OnboardingCodesUtil.cpp:37:6:void PrintOnboardingCodes(chip::RendezvousInformationFlags)	64	static
