scenes.cpp:84:22:EmberAfStatus writeServerAttribute(chip::EndpointId, chip::ClusterId, chip::AttributeId, const char*, uint8_t*, EmberAfAttributeType)	24	static
scenes.cpp:65:13:bool readServerAttribute(chip::EndpointId, chip::ClusterId, chip::AttributeId, const char*, uint8_t*, uint8_t)	32	static
scenes.cpp:95:6:bool isEndpointInGroup(chip::EndpointId, chip::GroupId)	0	static
scenes.cpp:130:15:EmberAfStatus emberAfScenesSetSceneCountAttribute(chip::EndpointId, uint8_t)	24	static
scenes.cpp:104:6:void emberAfScenesClusterServerInitCallback(chip::EndpointId)	96	static
scenes.cpp:136:15:EmberAfStatus emberAfScenesMakeValid(chip::EndpointId, uint8_t, chip::GroupId)	32	static
scenes.cpp:162:15:EmberAfStatus emberAfScenesClusterMakeInvalidCallback(chip::EndpointId)	24	static
scenes.cpp:169:6:void emAfPluginScenesServerPrintInfo()	128	static
scenes.cpp:231:6:bool emberAfScenesClusterRemoveSceneCallback(chip::app::CommandHandler*, chip::GroupId, uint8_t)	112	static
scenes.cpp:286:6:bool emberAfScenesClusterRemoveAllScenesCallback(chip::app::CommandHandler*, chip::GroupId)	112	static
scenes.cpp:401:6:bool emberAfScenesClusterGetSceneMembershipCallback(chip::app::CommandHandler*, chip::GroupId)	72	static
scenes.cpp:460:15:EmberAfStatus emberAfScenesClusterStoreCurrentSceneCallback(chip::EndpointId, chip::GroupId, uint8_t)	120	static
scenes.cpp:335:6:bool emberAfScenesClusterStoreSceneCallback(chip::app::CommandHandler*, chip::GroupId, uint8_t)	48	static
scenes.cpp:585:15:EmberAfStatus emberAfScenesClusterRecallSavedSceneCallback(chip::EndpointId, chip::GroupId, uint8_t)	104	static
scenes.cpp:367:6:bool emberAfScenesClusterRecallSceneCallback(chip::app::CommandHandler*, chip::GroupId, uint8_t, uint16_t)	16	static
scenes.cpp:721:6:bool emberAfPluginScenesServerParseAddScene(chip::app::CommandHandler*, const EmberAfClusterCommand*, chip::GroupId, uint8_t, uint16_t, uint8_t*, uint8_t*)	312	static
scenes.cpp:219:6:bool emberAfScenesClusterAddSceneCallback(chip::app::CommandHandler*, chip::GroupId, uint8_t, uint16_t, uint8_t*, uint8_t*)	24	static
scenes.cpp:1080:6:bool emberAfPluginScenesServerParseViewScene(chip::app::CommandHandler*, const EmberAfClusterCommand*, chip::GroupId, uint8_t)	72	static
scenes.cpp:226:6:bool emberAfScenesClusterViewSceneCallback(chip::app::CommandHandler*, chip::GroupId, uint8_t)	0	static
scenes.cpp:1292:6:void emberAfScenesClusterRemoveScenesInGroupCallback(chip::EndpointId, chip::GroupId)	104	static
