level-control.cpp:139:35:EmberAfLevelControlState* getState(chip::EndpointId)	8	static
level-control.cpp:129:13:void schedule(chip::EndpointId, uint32_t)	16	static
level-control.cpp:313:13:void setOnOffValue(chip::EndpointId, bool)	16	static
level-control.cpp:607:13:void moveHandler(chip::CommandId, uint8_t, uint8_t, uint8_t, uint8_t)	48	static
level-control.cpp:844:13:void stopHandler(chip::CommandId, uint8_t, uint8_t)	8	static
level-control.cpp:473:13:void moveToLevelHandler(chip::CommandId, uint8_t, uint16_t, uint8_t, uint8_t, uint16_t)	56	static
level-control.cpp:721:13:void stepHandler(chip::CommandId, uint8_t, uint8_t, uint16_t, uint8_t, uint8_t)	56	static
level-control.cpp:164:6:void emberAfLevelControlClusterServerTickCallback(chip::EndpointId)	32	static
level-control.cpp:409:6:bool emberAfLevelControlClusterMoveToLevelCallback(chip::app::CommandHandler*, uint8_t, uint16_t, uint8_t, uint8_t)	32	static
level-control.cpp:419:6:bool emberAfLevelControlClusterMoveToLevelWithOnOffCallback(chip::app::CommandHandler*, uint8_t, uint16_t)	24	static
level-control.cpp:428:6:bool emberAfLevelControlClusterMoveCallback(chip::app::CommandHandler*, uint8_t, uint8_t, uint8_t, uint8_t)	24	static
level-control.cpp:436:6:bool emberAfLevelControlClusterMoveWithOnOffCallback(chip::app::CommandHandler*, uint8_t, uint8_t)	24	static
level-control.cpp:443:6:bool emberAfLevelControlClusterStepCallback(chip::app::CommandHandler*, uint8_t, uint8_t, uint16_t, uint8_t, uint8_t)	24	static
level-control.cpp:451:6:bool emberAfLevelControlClusterStepWithOnOffCallback(chip::app::CommandHandler*, uint8_t, uint8_t, uint16_t)	24	static
level-control.cpp:459:6:bool emberAfLevelControlClusterStopCallback(chip::app::CommandHandler*, uint8_t, uint8_t)	8	static
level-control.cpp:466:6:bool emberAfLevelControlClusterStopWithOnOffCallback(chip::app::CommandHandler*)	8	static
level-control.cpp:873:6:void emberAfOnOffClusterLevelControlEffectCallback(chip::EndpointId, bool)	32	static
level-control.cpp:954:6:void emberAfLevelControlClusterServerInitCallback(chip::EndpointId)	0	static
level-control.cpp:1043:6:void emberAfPluginLevelControlClusterServerPostInitCallback(chip::EndpointId)	0	static
