groups-server.cpp:92:22:EmberAfStatus addEntryToGroupTable(chip::EndpointId, chip::GroupId, uint8_t*)	64	static
groups-server.cpp:466:13:bool isGroupPresent(chip::EndpointId, chip::GroupId)	48	static
groups-server.cpp:70:6:void emberAfGroupsClusterServerInitCallback(chip::EndpointId)	24	static
groups-server.cpp:154:6:bool emberAfGroupsClusterAddGroupCallback(chip::app::CommandHandler*, chip::GroupId, uint8_t*)	48	static
groups-server.cpp:190:6:bool emberAfGroupsClusterViewGroupCallback(chip::app::CommandHandler*, chip::GroupId)	72	static
groups-server.cpp:232:6:bool emberAfGroupsClusterGetGroupMembershipCallback(chip::app::CommandHandler*, uint8_t, uint8_t*)	120	static
groups-server.cpp:329:6:bool emberAfGroupsClusterRemoveGroupCallback(chip::app::CommandHandler*, chip::GroupId)	72	static
groups-server.cpp:368:6:bool emberAfGroupsClusterRemoveAllGroupsCallback(chip::app::CommandHandler*)	64	static
groups-server.cpp:416:6:bool emberAfGroupsClusterAddGroupIfIdentifyingCallback(chip::app::CommandHandler*, chip::GroupId, uint8_t*)	16	static
groups-server.cpp:443:6:bool emberAfGroupsClusterEndpointInGroupCallback(chip::EndpointId, chip::GroupId)	0	static
groups-server.cpp:448:6:void emberAfGroupsClusterClearGroupTableCallback(chip::EndpointId)	56	static
groups-server.cpp:507:6:void emberAfPluginGroupsServerGetGroupNameCallback(chip::EndpointId, chip::GroupId, uint8_t*)	0	static
groups-server.cpp:509:6:bool emberAfPluginGroupsServerGroupNamesSupportedCallback(chip::EndpointId)	0	static
groups-server.cpp:514:6:void emberAfPluginGroupsServerSetGroupNameCallback(chip::EndpointId, chip::GroupId, uint8_t*)	0	static
