ias-zone-server.cpp:160:20:EmberNetworkStatus emberAfNetworkState()	0	static
ias-zone-server.cpp:212:15:EmberAfStatus emberAfIasZoneClusterServerPreAttributeChangedCallback(chip::EndpointId, chip::AttributeId, EmberAfAttributeType, uint16_t, uint8_t*)	104	static
ias-zone-server.cpp:331:6:bool emberAfIasZoneClusterAmIEnrolled(chip::EndpointId)	24	static
ias-zone-server.cpp:298:15:EmberAfStatus emberAfPluginIasZoneClusterSetEnrollmentMethod(chip::EndpointId, EmberAfIasZoneEnrollmentMode)	16	static
ias-zone-server.cpp:351:6:bool emberAfIasZoneClusterZoneEnrollResponseCallback(chip::app::CommandHandler*, uint8_t, uint8_t)	40	static
ias-zone-server.cpp:488:6:void emberAfPluginIasZoneServerManageQueueEventHandler()	0	static
ias-zone-server.cpp:566:6:void emberAfIasZoneClusterServerTickCallback(chip::EndpointId)	24	static
ias-zone-server.cpp:571:9:uint8_t emberAfPluginIasZoneServerGetZoneId(chip::EndpointId)	24	static
ias-zone-server.cpp:405:13:EmberStatus emberAfPluginIasZoneServerUpdateZoneStatus(chip::EndpointId, uint16_t, uint16_t)	48	static
ias-zone-server.cpp:533:6:void emberAfIasZoneClusterServerInitCallback(chip::EndpointId)	32	static
ias-zone-server.cpp:645:6:void emberAfPluginIasZoneServerStackStatusCallback(EmberStatus)	0	static
ias-zone-server.cpp:765:6:void emberAfIasZoneClusterServerMessageSentCallback(const chip::MessageSendDestination&, EmberApsFrame*, uint16_t, uint8_t*, EmberStatus)	0	static
